// Jest Snapshot v1, https://goo.gl/fbAQLP

exports[`HomeScreen se renderiza correctamente (Snapshot) 1`] = `
<View
  style={
    {
      "backgroundColor": "#FFFFFF",
      "flex": 1,
    }
  }
>
  <RCTScrollView
    style={
      {
        "paddingBottom": 30,
        "paddingHorizontal": 20,
        "paddingTop": 20,
      }
    }
  >
    <View>
      <Text
        style={
          {
            "color": "#2C3E50",
            "fontFamily": "Inter-Regular",
            "fontSize": 32,
            "marginBottom": 8,
            "textAlign": "center",
          }
        }
      >
        Números Romanos
      </Text>
      <Text
        style={
          {
            "color": "#7F8C8D",
            "fontSize": 16,
            "marginBottom": 32,
            "textAlign": "center",
          }
        }
      >
        Convertidor & Información
      </Text>
      <View
        style={
          {
            "marginBottom": 28,
          }
        }
      >
        <Text
          style={
            {
              "color": "#2C3E50",
              "fontFamily": "Inter-Regular",
              "fontSize": 18,
              "marginBottom": 12,
            }
          }
        >
          ¡Bienvenido!
        </Text>
        <Text
          style={
            {
              "color": "#2C3E50",
              "fontSize": 14,
              "lineHeight": 22,
            }
          }
        >
          Esta aplicación te permite convertir números 
          <Text
            style={
              {
                "color": "#3498DB",
                "fontWeight": "600",
              }
            }
          >
            árabes a romanos
          </Text>
           y 
          <Text
            style={
              {
                "color": "#3498DB",
                "fontWeight": "600",
              }
            }
          >
            romanos a árabes
          </Text>
           de forma rápida y sencilla.
        </Text>
      </View>
      <View
        style={
          {
            "marginBottom": 28,
          }
        }
      >
        <Text
          style={
            {
              "color": "#2C3E50",
              "fontFamily": "Inter-Regular",
              "fontSize": 18,
              "marginBottom": 12,
            }
          }
        >
          Características
        </Text>
        <View
          style={
            {
              "backgroundColor": "#FFFFFF",
              "borderColor": "#ECF0F1",
              "borderRadius": 12,
              "borderWidth": 1,
              "elevation": 2,
              "marginBottom": 16,
              "padding": 16,
              "shadowColor": "#000",
              "shadowOffset": {
                "height": 2,
                "width": 0,
              },
              "shadowOpacity": 0.05,
              "shadowRadius": 4,
            }
          }
        >
          <View
            style={
              {
                "borderBottomColor": "#ECF0F1",
                "borderBottomWidth": 0,
                "marginBottom": 12,
                "paddingBottom": 0,
              }
            }
          >
            <Text
              style={
                {
                  "color": "#2C3E50",
                  "fontFamily": "Inter-Regular",
                  "fontSize": 16,
                }
              }
            >
              🔄 Conversión Bidireccional
            </Text>
          </View>
          <View>
            <Text
              style={
                {
                  "color": "#2C3E50",
                  "fontSize": 13,
                  "lineHeight": 20,
                }
              }
            >
              Convierte números árabes (1-3999) a romanos y viceversa.
            </Text>
          </View>
        </View>
        <View
          style={
            {
              "backgroundColor": "#FFFFFF",
              "borderColor": "#ECF0F1",
              "borderRadius": 12,
              "borderWidth": 1,
              "elevation": 2,
              "marginBottom": 16,
              "padding": 16,
              "shadowColor": "#000",
              "shadowOffset": {
                "height": 2,
                "width": 0,
              },
              "shadowOpacity": 0.05,
              "shadowRadius": 4,
            }
          }
        >
          <View
            style={
              {
                "borderBottomColor": "#ECF0F1",
                "borderBottomWidth": 0,
                "marginBottom": 12,
                "paddingBottom": 0,
              }
            }
          >
            <Text
              style={
                {
                  "color": "#2C3E50",
                  "fontFamily": "Inter-Regular",
                  "fontSize": 16,
                }
              }
            >
              📚 Información Detallada
            </Text>
          </View>
          <View>
            <Text
              style={
                {
                  "color": "#2C3E50",
                  "fontSize": 13,
                  "lineHeight": 20,
                }
              }
            >
              Aprende cómo funcionan los números romanos con ejemplos prácticos.
            </Text>
          </View>
        </View>
        <View
          style={
            {
              "backgroundColor": "#FFFFFF",
              "borderColor": "#ECF0F1",
              "borderRadius": 12,
              "borderWidth": 1,
              "elevation": 2,
              "marginBottom": 16,
              "padding": 16,
              "shadowColor": "#000",
              "shadowOffset": {
                "height": 2,
                "width": 0,
              },
              "shadowOpacity": 0.05,
              "shadowRadius": 4,
            }
          }
        >
          <View
            style={
              {
                "borderBottomColor": "#ECF0F1",
                "borderBottomWidth": 0,
                "marginBottom": 12,
                "paddingBottom": 0,
              }
            }
          >
            <Text
              style={
                {
                  "color": "#2C3E50",
                  "fontFamily": "Inter-Regular",
                  "fontSize": 16,
                }
              }
            >
              ✨ Interfaz Intuitiva
            </Text>
          </View>
          <View>
            <Text
              style={
                {
                  "color": "#2C3E50",
                  "fontSize": 13,
                  "lineHeight": 20,
                }
              }
            >
              Diseño simple y fácil de usar para todas las edades.
            </Text>
          </View>
        </View>
      </View>
      <View
        style={
          {
            "marginBottom": 28,
          }
        }
      >
        <Text
          style={
            {
              "color": "#2C3E50",
              "fontFamily": "Inter-Regular",
              "fontSize": 18,
              "marginBottom": 12,
            }
          }
        >
          ¿Qué son los números romanos?
        </Text>
        <Text
          style={
            {
              "color": "#2C3E50",
              "fontSize": 14,
              "lineHeight": 22,
            }
          }
        >
          Los números romanos son un sistema de numeración que se originó en la antigua Roma. Se utilizan letras mayúsculas para representar valores numéricos específicos.
        </Text>
        <View
          style={
            {
              "backgroundColor": "#FFFFFF",
              "borderColor": "#ECF0F1",
              "borderRadius": 12,
              "borderWidth": 1,
              "elevation": 2,
              "marginBottom": 16,
              "padding": 16,
              "shadowColor": "#000",
              "shadowOffset": {
                "height": 2,
                "width": 0,
              },
              "shadowOpacity": 0.05,
              "shadowRadius": 4,
            }
          }
        >
          <View>
            <View
              style={
                {
                  "gap": 4,
                }
              }
            >
              <Text
                style={
                  {
                    "color": "#2C3E50",
                    "fontFamily": "monospace",
                    "fontSize": 13,
                  }
                }
              >
                I = 1 V = 5 X = 10
              </Text>
              <Text
                style={
                  {
                    "color": "#2C3E50",
                    "fontFamily": "monospace",
                    "fontSize": 13,
                  }
                }
              >
                L = 50 C = 100 D = 500
              </Text>
              <Text
                style={
                  {
                    "color": "#2C3E50",
                    "fontFamily": "monospace",
                    "fontSize": 13,
                  }
                }
              >
                M = 1000
              </Text>
            </View>
          </View>
        </View>
      </View>
      <View
        style={
          {
            "marginBottom": 28,
          }
        }
      >
        <Text
          style={
            {
              "color": "#2C3E50",
              "fontFamily": "Inter-Regular",
              "fontSize": 18,
              "marginBottom": 12,
            }
          }
        >
          Ejemplos Rápidos
        </Text>
        <View
          style={
            {
              "backgroundColor": "#FFFFFF",
              "borderColor": "#ECF0F1",
              "borderRadius": 12,
              "borderWidth": 1,
              "elevation": 2,
              "marginBottom": 16,
              "padding": 16,
              "shadowColor": "#000",
              "shadowOffset": {
                "height": 2,
                "width": 0,
              },
              "shadowOpacity": 0.05,
              "shadowRadius": 4,
            }
          }
        >
          <View>
            <View
              style={
                {
                  "gap": 4,
                }
              }
            >
              <Text
                style={
                  {
                    "color": "#2C3E50",
                    "fontFamily": "monospace",
                    "fontSize": 13,
                  }
                }
              >
                3 = III
              </Text>
              <Text
                style={
                  {
                    "color": "#2C3E50",
                    "fontFamily": "monospace",
                    "fontSize": 13,
                  }
                }
              >
                10 = X
              </Text>
              <Text
                style={
                  {
                    "color": "#2C3E50",
                    "fontFamily": "monospace",
                    "fontSize": 13,
                  }
                }
              >
                49 = XLIX
              </Text>
              <Text
                style={
                  {
                    "color": "#2C3E50",
                    "fontFamily": "monospace",
                    "fontSize": 13,
                  }
                }
              >
                2024 = MMXXIV
              </Text>
            </View>
          </View>
        </View>
      </View>
      <View
        style={
          {
            "marginBottom": 28,
          }
        }
      >
        <Text
          style={
            {
              "color": "#2C3E50",
              "fontFamily": "Inter-Regular",
              "fontSize": 18,
              "marginBottom": 12,
            }
          }
        >
          Rango de Números
        </Text>
        <Text
          style={
            {
              "color": "#2C3E50",
              "fontSize": 14,
              "lineHeight": 22,
            }
          }
        >
          Esta aplicación puede convertir números del 
          <Text
            style={
              {
                "color": "#3498DB",
                "fontWeight": "600",
              }
            }
          >
            1 al 3999
          </Text>
          . Estos números cubren la mayoría de casos de uso comunes de los números romanos.
        </Text>
      </View>
      <View
        style={
          {
            "alignItems": "center",
            "borderTopColor": "#E0E0E0",
            "borderTopWidth": 1,
            "paddingTop": 20,
          }
        }
      >
        <Text
          style={
            {
              "color": "#666",
              "fontFamily": "Inter-Regular",
              "fontSize": 12,
              "marginBottom": 8,
              "textAlign": "center",
            }
          }
        >
          © 2024 - 2026 Gaelectronica - Todos los derechos reservados
        </Text>
        <Text
          style={
            {
              "color": "#999",
              "fontFamily": "Inter-Regular",
              "fontSize": 11,
              "marginBottom": 8,
              "textAlign": "center",
            }
          }
        >
          Herramienta para conversión de números romanos
        </Text>
        <Text
          style={
            {
              "color": "#BBB",
              "fontFamily": "Inter-Regular",
              "fontSize": 10,
              "textAlign": "center",
            }
          }
        >
          v1.0.0
        </Text>
        <Image
          source={
            {
              "testUri": "../../../src/assets/images/gaelectronica.png",
            }
          }
          style={
            {
              "borderRadius": 30,
              "height": 150,
              "marginBottom": 32,
              "marginTop": 16,
              "resizeMode": "contain",
              "width": 150,
            }
          }
        />
      </View>
    </View>
  </RCTScrollView>
</View>
`;
